QA output created by 420
f5cfb0d8d7bfadbc2127f4f6ca4a0eba  loopdev
