QA output created by 001
0000000 0000 0000 0000 0000 0000 0000 0000 0000
*
2000000
0000000 0000 0000 0000 0000 0000 0000 0000 0000
*
2000000
