QA output created by 002
0000000 0000 0000 0000 0000 0000 0000 0000 0000
*
0000200 a0a0 a0a0 a0a0 a0a0 a0a0 a0a0 a0a0 a0a0
*
0000600 0000 0000 0000 0000 0000 0000 0000 0000
*
0200000 abab abab abab abab abab abab abab abab
*
0200400 0000 0000 0000 0000 0000 0000 0000 0000
*
8000000
